Importing fastkernels engine ...
Discovering operators in fastkernels.tasks.baseline ...
  (skipped 7 baseline module(s) that failed to import)
    - fastkernels.tasks.baseline.L1.bitnet_rms_norm: ModuleNotFoundError: No module named 'xformers'
    - fastkernels.tasks.baseline.L2.bitnet_attention: ModuleNotFoundError: No module named 'xformers'
    - fastkernels.tasks.baseline.L2.bitnet_mlp: ModuleNotFoundError: No module named 'xformers'
    - fastkernels.tasks.baseline.L2.pointtransformerv3_layers: ModuleNotFoundError: No module named 'spconv'
    - fastkernels.tasks.baseline.L3.bitnet_decoder: ModuleNotFoundError: No module named 'xformers'
    - fastkernels.tasks.baseline.L4.bitnet: ModuleNotFoundError: No module named 'xformers'
    - fastkernels.tasks.baseline.L4.pointtransformerv3: ModuleNotFoundError: No module named 'spconv'
  Instrumented 446 operator class(es).

########## Scenario: jameslahm/yolov10n (Detection, dtype=float16) ##########
Building fastkernels Detection model (synthetic-input capture) ...
Fetching 2 files:   0%|          | 0/2 [00:00<?, ?it/s]Fetching 2 files:  50%|█████     | 1/2 [00:00<00:00,  5.96it/s]Fetching 2 files: 100%|██████████| 2/2 [00:00<00:00,  1.90it/s]Fetching 2 files: 100%|██████████| 2/2 [00:00<00:00,  2.12it/s]

=== Capturing workload: coco-val ===
  Verification 1 (hook cross-check) [INFO]: 21/22 operator forwards match the independent hook capture.
    ! fastkernels.tasks.baseline.L4.yolov10:YOLOv10ForObjectDetection: no hook observations (forward may be called directly, bypassing __call__)
  Captured 24 executed operator class(es) (of 446 instrumented).
  Report written to /home/yak/.fastkernels/captures/capture_20260821-081742/07_jameslahm__yolov10n_tp1_float16/report_jameslahm__yolov10n_tp1_float16_coco-val_req1000000_seqsauto_eager.json

=== Capturing workload: single-image ===
  Verification 1 (hook cross-check) [INFO]: 21/22 operator forwards match the independent hook capture.
    ! fastkernels.tasks.baseline.L4.yolov10:YOLOv10ForObjectDetection: no hook observations (forward may be called directly, bypassing __call__)
  Captured 24 executed operator class(es) (of 446 instrumented).
  Report written to /home/yak/.fastkernels/captures/capture_20260821-081742/07_jameslahm__yolov10n_tp1_float16/report_jameslahm__yolov10n_tp1_float16_single-image_req1000000_seqsauto_eager.json

=== Capturing workload: batch-4 ===
  Verification 1 (hook cross-check) [INFO]: 21/22 operator forwards match the independent hook capture.
    ! fastkernels.tasks.baseline.L4.yolov10:YOLOv10ForObjectDetection: no hook observations (forward may be called directly, bypassing __call__)
  Captured 24 executed operator class(es) (of 446 instrumented).
  Report written to /home/yak/.fastkernels/captures/capture_20260821-081742/07_jameslahm__yolov10n_tp1_float16/report_jameslahm__yolov10n_tp1_float16_batch-4_req1000000_seqsauto_eager.json
