Importing fastkernels engine ...
Discovering operators in fastkernels.tasks.baseline ...
  (skipped 7 baseline module(s) that failed to import)
    - fastkernels.tasks.baseline.L1.bitnet_rms_norm: ModuleNotFoundError: No module named 'xformers'
    - fastkernels.tasks.baseline.L2.bitnet_attention: ModuleNotFoundError: No module named 'xformers'
    - fastkernels.tasks.baseline.L2.bitnet_mlp: ModuleNotFoundError: No module named 'xformers'
    - fastkernels.tasks.baseline.L2.pointtransformerv3_layers: ModuleNotFoundError: No module named 'spconv'
    - fastkernels.tasks.baseline.L3.bitnet_decoder: ModuleNotFoundError: No module named 'xformers'
    - fastkernels.tasks.baseline.L4.bitnet: ModuleNotFoundError: No module named 'xformers'
    - fastkernels.tasks.baseline.L4.pointtransformerv3: ModuleNotFoundError: No module named 'spconv'
  Instrumented 446 operator class(es).

########## Scenario: OpenFold/OpenFold3 (StructurePrediction, dtype=bfloat16) ##########
Building fastkernels StructurePrediction model (synthetic-input capture) ...

=== Capturing workload: short ===
  Verification 1 (hook cross-check) [INFO]: 30/31 operator forwards match the independent hook capture.
    ! fastkernels.tasks.baseline.L1.tensor_ops:Pad: no hook observations (forward may be called directly, bypassing __call__)
  Captured 35 executed operator class(es) (of 446 instrumented).
  Report written to /home/yak/.fastkernels/captures/capture_20260821-081742/08_OpenFold__OpenFold3_tp1_bfloat16/report_OpenFold__OpenFold3_tp1_bfloat16_short_req1000000_seqsauto_eager.json

=== Capturing workload: medium ===
  Verification 1 (hook cross-check) [INFO]: 30/31 operator forwards match the independent hook capture.
    ! fastkernels.tasks.baseline.L1.tensor_ops:Pad: no hook observations (forward may be called directly, bypassing __call__)
  Captured 35 executed operator class(es) (of 446 instrumented).
  Report written to /home/yak/.fastkernels/captures/capture_20260821-081742/08_OpenFold__OpenFold3_tp1_bfloat16/report_OpenFold__OpenFold3_tp1_bfloat16_medium_req1000000_seqsauto_eager.json

=== Capturing workload: long ===
  Verification 1 (hook cross-check) [INFO]: 30/31 operator forwards match the independent hook capture.
    ! fastkernels.tasks.baseline.L1.tensor_ops:Pad: no hook observations (forward may be called directly, bypassing __call__)
  Captured 35 executed operator class(es) (of 446 instrumented).
  Report written to /home/yak/.fastkernels/captures/capture_20260821-081742/08_OpenFold__OpenFold3_tp1_bfloat16/report_OpenFold__OpenFold3_tp1_bfloat16_long_req1000000_seqsauto_eager.json

=== Capturing workload: extra-long ===
  Verification 1 (hook cross-check) [INFO]: 30/31 operator forwards match the independent hook capture.
    ! fastkernels.tasks.baseline.L1.tensor_ops:Pad: no hook observations (forward may be called directly, bypassing __call__)
  Captured 35 executed operator class(es) (of 446 instrumented).
  Report written to /home/yak/.fastkernels/captures/capture_20260821-081742/08_OpenFold__OpenFold3_tp1_bfloat16/report_OpenFold__OpenFold3_tp1_bfloat16_extra-long_req1000000_seqsauto_eager.json

=== Capturing workload: single-short ===
  Verification 1 (hook cross-check) [INFO]: 30/31 operator forwards match the independent hook capture.
    ! fastkernels.tasks.baseline.L1.tensor_ops:Pad: no hook observations (forward may be called directly, bypassing __call__)
  Captured 35 executed operator class(es) (of 446 instrumented).
  Report written to /home/yak/.fastkernels/captures/capture_20260821-081742/08_OpenFold__OpenFold3_tp1_bfloat16/report_OpenFold__OpenFold3_tp1_bfloat16_single-short_req1000000_seqsauto_eager.json

=== Capturing workload: single-medium ===
  Verification 1 (hook cross-check) [INFO]: 30/31 operator forwards match the independent hook capture.
    ! fastkernels.tasks.baseline.L1.tensor_ops:Pad: no hook observations (forward may be called directly, bypassing __call__)
  Captured 35 executed operator class(es) (of 446 instrumented).
  Report written to /home/yak/.fastkernels/captures/capture_20260821-081742/08_OpenFold__OpenFold3_tp1_bfloat16/report_OpenFold__OpenFold3_tp1_bfloat16_single-medium_req1000000_seqsauto_eager.json

=== Capturing workload: single-long ===
  Verification 1 (hook cross-check) [INFO]: 30/31 operator forwards match the independent hook capture.
    ! fastkernels.tasks.baseline.L1.tensor_ops:Pad: no hook observations (forward may be called directly, bypassing __call__)
  Captured 35 executed operator class(es) (of 446 instrumented).
  Report written to /home/yak/.fastkernels/captures/capture_20260821-081742/08_OpenFold__OpenFold3_tp1_bfloat16/report_OpenFold__OpenFold3_tp1_bfloat16_single-long_req1000000_seqsauto_eager.json

=== Capturing workload: single-extra-long ===
  Verification 1 (hook cross-check) [INFO]: 30/31 operator forwards match the independent hook capture.
    ! fastkernels.tasks.baseline.L1.tensor_ops:Pad: no hook observations (forward may be called directly, bypassing __call__)
  Captured 35 executed operator class(es) (of 446 instrumented).
  Report written to /home/yak/.fastkernels/captures/capture_20260821-081742/08_OpenFold__OpenFold3_tp1_bfloat16/report_OpenFold__OpenFold3_tp1_bfloat16_single-extra-long_req1000000_seqsauto_eager.json
